// Vitest Snapshot v1, https://vitest.dev/guide/snapshot.html

exports[`parseDevicePayload — fixture realista > snapshot — payload completo do AP de loja 1`] = `
{
  "device": {
    "mac": "aa:bb:cc:11:22:33",
    "model": "U6-Pro",
    "name": "AP-Loja-01",
    "serial": null,
    "state": null,
    "type": "uap",
    "version": null,
  },
  "ports": [],
  "radios": [
    {
      "channel": 6,
      "cuSelfRx": 12,
      "cuSelfTx": 8,
      "cuTotal": 35,
      "deviceMac": "aa:bb:cc:11:22:33",
      "guestNumSta": 1,
      "numSta": 8,
      "radio": "ng",
      "satisfaction": null,
      "state": "RUN",
      "txBytes": 3000000000,
      "txPackets": 23000000,
      "txPower": 17,
      "txRetries": 1200000,
      "userNumSta": 7,
    },
    {
      "channel": 36,
      "cuSelfRx": 18,
      "cuSelfTx": 14,
      "cuTotal": 48,
      "deviceMac": "aa:bb:cc:11:22:33",
      "guestNumSta": 1,
      "numSta": 14,
      "radio": "na",
      "satisfaction": null,
      "state": "RUN",
      "txBytes": 7000000000,
      "txPackets": 60000000,
      "txPower": 20,
      "txRetries": 3500000,
      "userNumSta": 13,
    },
    {
      "channel": 81,
      "cuSelfRx": 4,
      "cuSelfTx": 3,
      "cuTotal": 10,
      "deviceMac": "aa:bb:cc:11:22:33",
      "guestNumSta": 0,
      "numSta": 2,
      "radio": "6e",
      "satisfaction": null,
      "state": "RUN",
      "txBytes": 2345678900,
      "txPackets": 17000000,
      "txPower": 18,
      "txRetries": 700000,
      "userNumSta": 2,
    },
  ],
  "samples": [
    {
      "clientCount": 8,
      "clientMac": null,
      "cpuPct": null,
      "deviceMac": "aa:bb:cc:11:22:33",
      "macFilterRejections": null,
      "memPct": null,
      "numRoamEvents": null,
      "radio": "ng",
      "rxBytes": null,
      "rxCrypts": null,
      "rxDropped": null,
      "rxErrors": null,
      "rxPackets": null,
      "tempBoard": null,
      "tempCpu": null,
      "txBytes": 3000000000,
      "txDropped": null,
      "txErrors": null,
      "txPackets": 23000000,
      "txRetries": 1200000,
      "uptimeSec": null,
      "wifiTxAttempts": null,
      "wifiTxDropped": null,
    },
    {
      "clientCount": 14,
      "clientMac": null,
      "cpuPct": null,
      "deviceMac": "aa:bb:cc:11:22:33",
      "macFilterRejections": null,
      "memPct": null,
      "numRoamEvents": null,
      "radio": "na",
      "rxBytes": null,
      "rxCrypts": null,
      "rxDropped": null,
      "rxErrors": null,
      "rxPackets": null,
      "tempBoard": null,
      "tempCpu": null,
      "txBytes": 7000000000,
      "txDropped": null,
      "txErrors": null,
      "txPackets": 60000000,
      "txRetries": 3500000,
      "uptimeSec": null,
      "wifiTxAttempts": null,
      "wifiTxDropped": null,
    },
    {
      "clientCount": 2,
      "clientMac": null,
      "cpuPct": null,
      "deviceMac": "aa:bb:cc:11:22:33",
      "macFilterRejections": null,
      "memPct": null,
      "numRoamEvents": null,
      "radio": "6e",
      "rxBytes": null,
      "rxCrypts": null,
      "rxDropped": null,
      "rxErrors": null,
      "rxPackets": null,
      "tempBoard": null,
      "tempCpu": null,
      "txBytes": 2345678900,
      "txDropped": null,
      "txErrors": null,
      "txPackets": 17000000,
      "txRetries": 700000,
      "uptimeSec": null,
      "wifiTxAttempts": null,
      "wifiTxDropped": null,
    },
    {
      "clientCount": 24,
      "clientMac": null,
      "cpuPct": null,
      "deviceMac": "aa:bb:cc:11:22:33",
      "macFilterRejections": null,
      "memPct": null,
      "numRoamEvents": null,
      "radio": null,
      "rxBytes": 9876543210,
      "rxCrypts": null,
      "rxDropped": null,
      "rxErrors": null,
      "rxPackets": 80000000,
      "tempBoard": null,
      "tempCpu": null,
      "txBytes": 12345678900,
      "txDropped": 1234,
      "txErrors": 56,
      "txPackets": 100000000,
      "txRetries": 5400000,
      "uptimeSec": 123456,
      "wifiTxAttempts": null,
      "wifiTxDropped": null,
    },
  ],
}
`;
